// Jest Snapshot v1, https://goo.gl/fbAQLP

exports[`filter-select can mount "empty" FilterSelect 1`] = `
<div tabindex="0" class="SharpFilterSelect SharpFilterSelect--empty" filterkey="job">
	<sharp-autocomplete-stub mode="local" localvalues="[object Object],[object Object]" placeholder="{{ entity_list.filter.search_placeholder }}" remotesearchattribute="query" itemidattribute="id" searchminchars="1" searchkeys="value" noresultitem="true"
	    allowempty="true" class="SharpFilterSelect__select"></sharp-autocomplete-stub>
	<sharpfiltercontrol-stub label="Web job" nocaret="true">
		<sharp-select-stub options="[object Object],[object Object]" display="dropdown" clearable="true" placeholder=" " class="SharpFilterSelect__select"></sharp-select-stub>
	</sharpfiltercontrol-stub>
</div>
`;

exports[`filter-select can mount "multiple empty" FilterSelect 1`] = `
<div tabindex="0" class="SharpFilterSelect SharpFilterSelect--empty SharpFilterSelect--multiple" filterkey="job">
	<sharp-autocomplete-stub value="" mode="local" localvalues="[object Object],[object Object]" placeholder="{{ entity_list.filter.search_placeholder }}" remotesearchattribute="query" itemidattribute="id" searchminchars="1" searchkeys="value" noresultitem="true"
	    multiple="true" hideselected="true" allowempty="true" class="SharpFilterSelect__select"></sharp-autocomplete-stub>
	<sharpfiltercontrol-stub label="Web job" nocaret="true">
		<sharp-select-stub options="[object Object],[object Object]" multiple="true" display="dropdown" clearable="true" placeholder=" " class="SharpFilterSelect__select"></sharp-select-stub>
	</sharpfiltercontrol-stub>
</div>
`;

exports[`filter-select can mount "multiple valuated" FilterSelect 1`] = `
<div tabindex="0" class="SharpFilterSelect SharpFilterSelect--multiple" filterkey="job">
	<sharp-autocomplete-stub value="[object Object],[object Object]" mode="local" localvalues="[object Object],[object Object]" placeholder="{{ entity_list.filter.search_placeholder }}" remotesearchattribute="query" itemidattribute="id" searchminchars="1"
	    searchkeys="value" noresultitem="true" multiple="true" hideselected="true" allowempty="true" class="SharpFilterSelect__select"></sharp-autocomplete-stub>
	<sharpfiltercontrol-stub label="Web job" nocaret="true">
		<sharp-select-stub value="1,2" options="[object Object],[object Object]" multiple="true" display="dropdown" clearable="true" placeholder=" " class="SharpFilterSelect__select"></sharp-select-stub>
	</sharpfiltercontrol-stub>
</div>
`;

exports[`filter-select can mount "valuated" FilterSelect 1`] = `
<div tabindex="0" class="SharpFilterSelect" filterkey="job">
	<sharp-autocomplete-stub value="[object Object]" mode="local" localvalues="[object Object],[object Object]" placeholder="{{ entity_list.filter.search_placeholder }}" remotesearchattribute="query" itemidattribute="id" searchminchars="1" searchkeys="value"
	    noresultitem="true" allowempty="true" class="SharpFilterSelect__select"></sharp-autocomplete-stub>
	<sharpfiltercontrol-stub label="Web job" nocaret="true">
		<sharp-select-stub value="1" options="[object Object],[object Object]" display="dropdown" clearable="true" placeholder=" " class="SharpFilterSelect__select"></sharp-select-stub>
	</sharpfiltercontrol-stub>
</div>
`;
